[winsfolio.net/html/foodio/index.html]
[backblue.gif]
[fade.gif]
[index.html]
[winsfolio.net/html/foodio/assets/img/logo-icon.png]
[winsfolio.net/html/foodio/assets/css/bootstrap.min.css]
[winsfolio.net/html/foodio/assets/css/owl.carousel.min.css]
[winsfolio.net/html/foodio/assets/css/owl.theme.default.min.css]
[winsfolio.net/html/foodio/assets/css/jquery.fancybox.min.css]
[winsfolio.net/html/foodio/assets/css/fontawesome.min.css]
[winsfolio.net/html/foodio/assets/css/style.css]
[winsfolio.net/html/foodio/assets/css/responsive.css]
[winsfolio.net/html/foodio/assets/css/color.css]
[winsfolio.net/html/foodio/assets/js/preloader.js]
[winsfolio.net/html/foodio/assets/js/jquery-3.6.0.min.js]
[winsfolio.net/html/foodio/login.html]
[winsfolio.net/html/foodio/index-2.html]
[winsfolio.net/html/foodio/assets/img/logo.png]
[winsfolio.net/html/foodio/cart-checkout.html]
[winsfolio.net/html/foodio/index-3.html]
[winsfolio.net/html/foodio/index-4.html]
[winsfolio.net/html/foodio/about.html]
[winsfolio.net/html/foodio/menu-1.html]
[winsfolio.net/html/foodio/menu-2.html]
[winsfolio.net/html/foodio/menu-3.html]
[winsfolio.net/html/foodio/shop.html]
[winsfolio.net/html/foodio/product-details.html]
[winsfolio.net/html/foodio/shop-cart.html]
[winsfolio.net/html/foodio/our-blog.html]
[winsfolio.net/html/foodio/blog-details.html]
[winsfolio.net/html/foodio/our-services.html]
[winsfolio.net/html/foodio/chef-details.html]
[winsfolio.net/html/foodio/contact.html]
[winsfolio.net/html/foodio/assets/img/product-img-1.png]
[winsfolio.net/html/foodio/assets/img/hero-1.jpg]
[winsfolio.net/html/foodio/assets/img/hero-2.jpg]
[winsfolio.net/html/foodio/assets/img/hero-3.jpg]
[winsfolio.net/html/foodio/assets/img/hero-4.jpg]
[winsfolio.net/html/foodio/assets/img/pizze-img.png]
[winsfolio.net/html/foodio/assets/img/girl.jpg]
[winsfolio.net/html/foodio/assets/img/restaurant.jpg]
[winsfolio.net/html/foodio/assets/img/restaurant-2.jpg]
[winsfolio.net/html/foodio/assets/img/restaurant-3.jpg]
[winsfolio.net/html/foodio/assets/img/discover-1.png]
[winsfolio.net/html/foodio/assets/img/discover-2.png]
[winsfolio.net/html/foodio/assets/img/discover-3.png]
[winsfolio.net/html/foodio/assets/img/discover-8.png]
[winsfolio.net/html/foodio/assets/img/discover-7.png]
[winsfolio.net/html/foodio/assets/img/bbq.jpg]
[winsfolio.net/html/foodio/assets/img/bbq-1.jpg]
[winsfolio.net/html/foodio/assets/img/patron.jpg]
[winsfolio.net/html/foodio/assets/img/featured-dishes-1.png]
[winsfolio.net/html/foodio/assets/img/featured-dishes-2.png]
[winsfolio.net/html/foodio/assets/img/featured-dishes-3.png]
[winsfolio.net/html/foodio/assets/img/quote.png]
[winsfolio.net/html/foodio/assets/img/bratlee-hamint-2.jpg]
[winsfolio.net/html/foodio/assets/img/bratlee-hamint-1.jpg]
[winsfolio.net/html/foodio/assets/img/bratlee-hamint-3.jpg]
[winsfolio.net/html/foodio/assets/img/chef-1.png]
[winsfolio.net/html/foodio/assets/img/sine.png]
[winsfolio.net/html/foodio/assets/img/chef-2.png]
[winsfolio.net/html/foodio/assets/img/chef-3.png]
[winsfolio.net/html/foodio/assets/img/manage-your.png]
[winsfolio.net/html/foodio/assets/img/recent-news-1.jpg]
[winsfolio.net/html/foodio/assets/img/man.jpg]
[winsfolio.net/html/foodio/assets/img/recent-news-2.jpg]
[winsfolio.net/html/foodio/assets/img/follow.jpg]
[winsfolio.net/html/foodio/assets/img/footer.png]
[winsfolio.net/html/foodio/assets/img/logo-white.png]
[winsfolio.net/html/foodio/assets/img/tripa.png]
[winsfolio.net/html/foodio/assets/js/bootstrap.min.js]
[winsfolio.net/html/foodio/assets/js/owl.carousel.min.js]
[winsfolio.net/html/foodio/assets/js/jquery.fancybox.min.js]
[winsfolio.net/html/foodio/assets/js/custom.js]
[winsfolio.net/html/foodio/assets/js/contact.js]
[winsfolio.net/html/foodio/index.html]
[winsfolio.net/html/foodio/assets/js/sweetalert.min.js]
[winsfolio.net/html/foodio/assets/css/bootstrap.min.css]
[winsfolio.net/html/foodio/assets/css/owl.carousel.min.css]
[winsfolio.net/html/foodio/assets/css/owl.theme.default.min.css]
[winsfolio.net/html/foodio/assets/css/jquery.fancybox.min.css]
[winsfolio.net/html/foodio/assets/fonts/fa-brands-400.woff2]
[winsfolio.net/html/foodio/assets/fonts/fa-brands-400.ttf]
[winsfolio.net/html/foodio/assets/fonts/fa-regular-400.woff2]
[winsfolio.net/html/foodio/assets/fonts/fa-regular-400.ttf]
[winsfolio.net/html/foodio/assets/fonts/fa-solid-900.woff2]
[winsfolio.net/html/foodio/assets/fonts/fa-solid-900.ttf]
[winsfolio.net/html/foodio/assets/fonts/fa-v4compatibility.woff2]
[winsfolio.net/html/foodio/assets/fonts/fa-v4compatibility.ttf]
[winsfolio.net/html/foodio/assets/css/fontawesome.min.css]
[winsfolio.net/html/foodio/assets/img/remove.svg]
[winsfolio.net/html/foodio/assets/img/down-arrow.svg]
[winsfolio.net/html/foodio/assets/img/down-arrow-clr.svg]
[winsfolio.net/html/foodio/assets/css/style.css]
[winsfolio.net/html/foodio/assets/css/responsive.css]
[winsfolio.net/html/foodio/assets/css/color.css]
[winsfolio.net/html/foodio/assets/img/background.png]
[winsfolio.net/html/foodio/assets/img/title-area-img-1.jpg]
[winsfolio.net/html/foodio/assets/img/pata.png]
[winsfolio.net/html/foodio/assets/img/title-area-img-2.jpg]
[winsfolio.net/html/foodio/login.html]
[winsfolio.net/html/foodio/index-2.html]
[winsfolio.net/html/foodio/assets/css/nice-select.css]
[winsfolio.net/html/foodio/assets/js/jquery.nice-select.min.js]
[winsfolio.net/html/foodio/cart-checkout.html]
[winsfolio.net/html/foodio/assets/img/featured-arae-two.png]
[winsfolio.net/html/foodio/assets/img/featured-arae-1.jpg]
[winsfolio.net/html/foodio/assets/img/featured-arae-2.jpg]
[winsfolio.net/html/foodio/assets/img/featured-arae-3.jpg]
[winsfolio.net/html/foodio/assets/img/featured-arae-4.jpg]
[winsfolio.net/html/foodio/assets/img/circle-text.png]
[winsfolio.net/html/foodio/assets/img/circle-text-img.jpg]
[winsfolio.net/html/foodio/assets/img/food.png]
[winsfolio.net/html/foodio/assets/img/check.png]
[winsfolio.net/html/foodio/assets/img/sponsor-1.png]
[winsfolio.net/html/foodio/assets/img/sponsor-2.png]
[winsfolio.net/html/foodio/assets/img/sponsor-3.png]
[winsfolio.net/html/foodio/assets/img/sponsor-4.png]
[winsfolio.net/html/foodio/assets/img/sponsor-5.png]
[winsfolio.net/html/foodio/assets/img/sponsor-6.png]
[winsfolio.net/html/foodio/assets/img/deal-week.png]
[winsfolio.net/html/foodio/assets/img/private-dining-1.jpg]
[winsfolio.net/html/foodio/assets/img/private-dining-2.jpg]
[winsfolio.net/html/foodio/assets/img/private-dining-3.jpg]
[winsfolio.net/html/foodio/assets/img/private-dining-4.jpg]
[winsfolio.net/html/foodio/assets/img/watch-video-1.jpg]
[winsfolio.net/html/foodio/assets/img/watch-video-2.jpg]
[winsfolio.net/html/foodio/assets/img/watch-video-3.jpg]
[winsfolio.net/html/foodio/assets/img/arrow.png]
[winsfolio.net/html/foodio/assets/img/recent-news-3.jpg]
[winsfolio.net/html/foodio/assets/img/recent-news-4.jpg]
[winsfolio.net/html/foodio/assets/img/recent-news-5.jpg]
[winsfolio.net/html/foodio/index-3.html]
[winsfolio.net/html/foodio/assets/img/logo-white-color.png]
[winsfolio.net/html/foodio/assets/img/patron-black.jpg]
[winsfolio.net/html/foodio/assets/img/bagar-img.png]
[winsfolio.net/html/foodio/assets/img/slide2_2-img.png]
[winsfolio.net/html/foodio/assets/img/slide2_3-img.png]
[winsfolio.net/html/foodio/assets/img/slide2_4-img.png]
[winsfolio.net/html/foodio/assets/img/about-1.jpg]
[winsfolio.net/html/foodio/assets/img/about-2.jpg]
[winsfolio.net/html/foodio/assets/img/category-1.jpg]
[winsfolio.net/html/foodio/assets/img/category-2.jpg]
[winsfolio.net/html/foodio/assets/img/category-3.jpg]
[winsfolio.net/html/foodio/assets/img/category-4.jpg]
[winsfolio.net/html/foodio/assets/img/arrow-2.png]
[winsfolio.net/html/foodio/assets/img/easy-orded.jpg]
[winsfolio.net/html/foodio/assets/img/food-img-1.png]
[winsfolio.net/html/foodio/assets/img/food-img-2.png]
[winsfolio.net/html/foodio/assets/img/food-img-3.png]
[winsfolio.net/html/foodio/assets/img/food-img-4.png]
[winsfolio.net/html/foodio/assets/img/food-img-5.png]
[winsfolio.net/html/foodio/assets/img/food-img-6.png]
[winsfolio.net/html/foodio/assets/img/food-img-7.png]
[winsfolio.net/html/foodio/assets/img/solutions.png]
[winsfolio.net/html/foodio/assets/img/private-table-1.jpg]
[winsfolio.net/html/foodio/assets/img/private-table-2.jpg]
[winsfolio.net/html/foodio/assets/img/coof-img-1.png]
[winsfolio.net/html/foodio/assets/img/coof-img-2.png]
[winsfolio.net/html/foodio/assets/img/coof-img-3.png]
[winsfolio.net/html/foodio/assets/img/coof-img-4.png]
[winsfolio.net/html/foodio/assets/img/weekly-special-1.png]
[winsfolio.net/html/foodio/assets/img/photo-gallery-1.jpg]
[winsfolio.net/html/foodio/assets/img/photo-gallery-2.jpg]
[winsfolio.net/html/foodio/assets/img/photo-gallery-3.jpg]
[winsfolio.net/html/foodio/assets/img/photo-gallery-4.jpg]
[winsfolio.net/html/foodio/assets/img/photo-gallery-5.jpg]
[winsfolio.net/html/foodio/index-4.html]
[winsfolio.net/html/foodio/assets/img/history-1.jpg]
[winsfolio.net/html/foodio/assets/img/history-2.jpg]
[winsfolio.net/html/foodio/assets/img/history-3.jpg]
[winsfolio.net/html/foodio/assets/img/history-4.jpg]
[winsfolio.net/html/foodio/about.html]
[winsfolio.net/html/foodio/assets/img/discover-4.png]
[winsfolio.net/html/foodio/assets/img/discover-5.png]
[winsfolio.net/html/foodio/menu-1.html]
[winsfolio.net/html/foodio/menu-2.html]
[winsfolio.net/html/foodio/menu-3.html]
[winsfolio.net/html/foodio/shop.html]
[winsfolio.net/html/foodio/assets/img/product-detail-1.png]
[winsfolio.net/html/foodio/assets/img/product-2.jpg]
[winsfolio.net/html/foodio/assets/img/product-3.jpg]
[winsfolio.net/html/foodio/assets/img/product-4.jpg]
[winsfolio.net/html/foodio/assets/img/benefit.png]
[winsfolio.net/html/foodio/assets/img/review.jpg]
[winsfolio.net/html/foodio/product-details.html]
[winsfolio.net/html/foodio/assets/img/product-1.png]
[winsfolio.net/html/foodio/shop-cart.html]
[winsfolio.net/html/foodio/assets/img/recent-news-6.jpg]
[winsfolio.net/html/foodio/assets/img/recent-news-7.jpg]
[winsfolio.net/html/foodio/assets/img/recent-news-8.jpg]
[winsfolio.net/html/foodio/assets/img/recent-news-9.jpg]
[winsfolio.net/html/foodio/assets/img/recent-news-blog-1.jpg]
[winsfolio.net/html/foodio/assets/img/recent-news-blog-2.jpg]
[winsfolio.net/html/foodio/assets/img/recent-news-blog-3.jpg]
[winsfolio.net/html/foodio/assets/img/photo-gallery-6.jpg]
[winsfolio.net/html/foodio/assets/img/trending-dishe-1.png]
[winsfolio.net/html/foodio/assets/img/trending-dishe-2.png]
[winsfolio.net/html/foodio/assets/img/trending-dishe-3.png]
[winsfolio.net/html/foodio/assets/img/trending-dishe-4.png]
[winsfolio.net/html/foodio/assets/img/trending-dishe-5.png]
[winsfolio.net/html/foodio/our-blog.html]
[winsfolio.net/html/foodio/assets/img/blog-img.jpg]
[winsfolio.net/html/foodio/assets/img/video-img.jpg]
[winsfolio.net/html/foodio/assets/img/video-img-2.jpg]
[winsfolio.net/html/foodio/assets/img/comment-1.jpg]
[winsfolio.net/html/foodio/assets/img/comment-2.jpg]
[winsfolio.net/html/foodio/blog-details.html]
[winsfolio.net/html/foodio/assets/img/parties-events.jpg]
[winsfolio.net/html/foodio/assets/img/parties-events-1.jpg]
[winsfolio.net/html/foodio/assets/img/pata-2.png]
[winsfolio.net/html/foodio/assets/img/photo-gallery-7.jpg]
[winsfolio.net/html/foodio/assets/img/photo-gallery-8.jpg]
[winsfolio.net/html/foodio/assets/img/photo-gallery-9.jpg]
[winsfolio.net/html/foodio/assets/img/photo-gallery-10.jpg]
[winsfolio.net/html/foodio/assets/img/photo-gallery-12.jpg]
[winsfolio.net/html/foodio/assets/img/reserve-a-table.jpg]
[winsfolio.net/html/foodio/our-services.html]
[winsfolio.net/html/foodio/chef-details.html]
[winsfolio.net/html/foodio/assets/img/contact.jpg]
[winsfolio.net/html/foodio/contact.html]
[winsfolio.net/html/foodio/assets/css/owl.video.play.html]
[winsfolio.net/html/foodio/assets/img/remove.svg]
[winsfolio.net/html/foodio/assets/img/down-arrow.svg]
[winsfolio.net/html/foodio/assets/img/down-arrow-clr.svg]
[winsfolio.net/html/foodio/assets/css/nice-select.css]
